// Jest Snapshot v1, https://goo.gl/fbAQLP

exports[`createBoard should create a board with the provided pieces at the correct location 1`] = `
Array [
  Array [
    "",
    "",
    "",
    "",
    "",
    "",
    "",
    "",
  ],
  Array [
    "",
    "",
    "",
    "",
    "",
    "",
    "",
    "",
  ],
  Array [
    "",
    "",
    "",
    "",
    "",
    "",
    "",
    "",
  ],
  Array [
    "K",
    "",
    "",
    "",
    "",
    "",
    "",
    "",
  ],
  Array [
    "",
    "",
    "",
    "",
    "",
    "",
    "",
    "",
  ],
  Array [
    "",
    "",
    "",
    "",
    "",
    "",
    "",
    "",
  ],
  Array [
    "",
    "",
    "",
    "",
    "",
    "",
    "",
    "",
  ],
  Array [
    "",
    "",
    "",
    "",
    "",
    "",
    "",
    "",
  ],
]
`;
