// Jest Snapshot v1, https://goo.gl/fbAQLP

exports[`can tell if a board is in check 1`] = `
Array [
  Object {
    "fileDiff": -3,
    "rankDiff": -3,
    "type": " ",
  },
  Object {
    "fileDiff": -2,
    "rankDiff": -3,
    "type": " ",
  },
  Object {
    "fileDiff": -1,
    "rankDiff": -3,
    "type": " ",
  },
  Object {
    "fileDiff": 0,
    "rankDiff": -3,
    "type": " ",
  },
  Object {
    "fileDiff": 1,
    "rankDiff": -3,
    "type": " ",
  },
  Object {
    "fileDiff": 2,
    "rankDiff": -3,
    "type": " ",
  },
  Object {
    "fileDiff": 3,
    "rankDiff": -3,
    "type": " ",
  },
  Object {
    "fileDiff": 4,
    "rankDiff": -3,
    "type": " ",
  },
  Object {
    "fileDiff": -3,
    "rankDiff": -2,
    "type": " ",
  },
  Object {
    "fileDiff": -2,
    "rankDiff": -2,
    "type": " ",
  },
  Object {
    "fileDiff": -1,
    "rankDiff": -2,
    "type": " ",
  },
  Object {
    "fileDiff": 0,
    "rankDiff": -2,
    "type": "Q",
  },
  Object {
    "fileDiff": 1,
    "rankDiff": -2,
    "type": " ",
  },
  Object {
    "fileDiff": 2,
    "rankDiff": -2,
    "type": " ",
  },
  Object {
    "fileDiff": 3,
    "rankDiff": -2,
    "type": " ",
  },
  Object {
    "fileDiff": 4,
    "rankDiff": -2,
    "type": " ",
  },
  Object {
    "fileDiff": -3,
    "rankDiff": -1,
    "type": " ",
  },
  Object {
    "fileDiff": -2,
    "rankDiff": -1,
    "type": " ",
  },
  Object {
    "fileDiff": -1,
    "rankDiff": -1,
    "type": " ",
  },
  Object {
    "fileDiff": 0,
    "rankDiff": -1,
    "type": "P",
  },
  Object {
    "fileDiff": 1,
    "rankDiff": -1,
    "type": " ",
  },
  Object {
    "fileDiff": 2,
    "rankDiff": -1,
    "type": " ",
  },
  Object {
    "fileDiff": 3,
    "rankDiff": -1,
    "type": " ",
  },
  Object {
    "fileDiff": 4,
    "rankDiff": -1,
    "type": " ",
  },
  Object {
    "fileDiff": -3,
    "rankDiff": 0,
    "type": " ",
  },
  Object {
    "fileDiff": -2,
    "rankDiff": 0,
    "type": " ",
  },
  Object {
    "fileDiff": -1,
    "rankDiff": 0,
    "type": " ",
  },
  Object {
    "fileDiff": 0,
    "rankDiff": 0,
    "type": "K",
  },
  Object {
    "fileDiff": 1,
    "rankDiff": 0,
    "type": " ",
  },
  Object {
    "fileDiff": 2,
    "rankDiff": 0,
    "type": " ",
  },
  Object {
    "fileDiff": 3,
    "rankDiff": 0,
    "type": " ",
  },
  Object {
    "fileDiff": 4,
    "rankDiff": 0,
    "type": " ",
  },
  Object {
    "fileDiff": -3,
    "rankDiff": 1,
    "type": " ",
  },
  Object {
    "fileDiff": -2,
    "rankDiff": 1,
    "type": " ",
  },
  Object {
    "fileDiff": -1,
    "rankDiff": 1,
    "type": " ",
  },
  Object {
    "fileDiff": 0,
    "rankDiff": 1,
    "type": " ",
  },
  Object {
    "fileDiff": 1,
    "rankDiff": 1,
    "type": " ",
  },
  Object {
    "fileDiff": 2,
    "rankDiff": 1,
    "type": " ",
  },
  Object {
    "fileDiff": 3,
    "rankDiff": 1,
    "type": " ",
  },
  Object {
    "fileDiff": 4,
    "rankDiff": 1,
    "type": " ",
  },
  Object {
    "fileDiff": -3,
    "rankDiff": 2,
    "type": " ",
  },
  Object {
    "fileDiff": -2,
    "rankDiff": 2,
    "type": " ",
  },
  Object {
    "fileDiff": -1,
    "rankDiff": 2,
    "type": " ",
  },
  Object {
    "fileDiff": 0,
    "rankDiff": 2,
    "type": " ",
  },
  Object {
    "fileDiff": 1,
    "rankDiff": 2,
    "type": " ",
  },
  Object {
    "fileDiff": 2,
    "rankDiff": 2,
    "type": " ",
  },
  Object {
    "fileDiff": 3,
    "rankDiff": 2,
    "type": " ",
  },
  Object {
    "fileDiff": 4,
    "rankDiff": 2,
    "type": " ",
  },
  Object {
    "fileDiff": -3,
    "rankDiff": 3,
    "type": " ",
  },
  Object {
    "fileDiff": -2,
    "rankDiff": 3,
    "type": " ",
  },
  Object {
    "fileDiff": -1,
    "rankDiff": 3,
    "type": " ",
  },
  Object {
    "fileDiff": 0,
    "rankDiff": 3,
    "type": " ",
  },
  Object {
    "fileDiff": 1,
    "rankDiff": 3,
    "type": " ",
  },
  Object {
    "fileDiff": 2,
    "rankDiff": 3,
    "type": " ",
  },
  Object {
    "fileDiff": 3,
    "rankDiff": 3,
    "type": " ",
  },
  Object {
    "fileDiff": 4,
    "rankDiff": 3,
    "type": " ",
  },
  Object {
    "fileDiff": -3,
    "rankDiff": 4,
    "type": " ",
  },
  Object {
    "fileDiff": -2,
    "rankDiff": 4,
    "type": " ",
  },
  Object {
    "fileDiff": -1,
    "rankDiff": 4,
    "type": " ",
  },
  Object {
    "fileDiff": 0,
    "rankDiff": 4,
    "type": " ",
  },
  Object {
    "fileDiff": 1,
    "rankDiff": 4,
    "type": " ",
  },
  Object {
    "fileDiff": 2,
    "rankDiff": 4,
    "type": " ",
  },
  Object {
    "fileDiff": 3,
    "rankDiff": 4,
    "type": " ",
  },
  Object {
    "fileDiff": 4,
    "rankDiff": 4,
    "type": " ",
  },
]
`;
