// Jest Snapshot v1, https://goo.gl/fbAQLP

exports[`can tell if a board is in check 1`] = `
Array [
  Array [
    " ",
    " ",
    " ",
    " ",
    " ",
    " ",
    " ",
    " ",
  ],
  Array [
    " ",
    " ",
    " ",
    "Q",
    " ",
    " ",
    " ",
    " ",
  ],
  Array [
    " ",
    " ",
    " ",
    "P",
    " ",
    " ",
    " ",
    " ",
  ],
  Array [
    " ",
    " ",
    " ",
    "K",
    " ",
    " ",
    " ",
    " ",
  ],
  Array [
    " ",
    " ",
    " ",
    " ",
    " ",
    " ",
    " ",
    " ",
  ],
  Array [
    " ",
    " ",
    " ",
    " ",
    " ",
    " ",
    " ",
    " ",
  ],
  Array [
    " ",
    " ",
    " ",
    " ",
    " ",
    " ",
    " ",
    " ",
  ],
  Array [
    " ",
    " ",
    " ",
    " ",
    " ",
    " ",
    " ",
    " ",
  ],
]
`;
